<?xml version="1.0" encoding="utf-8"?><testsuites><testsuite name="pytest" errors="0" failures="0" skipped="0" tests="4" time="2.099" timestamp="2024-09-11T20:17:07.535723" hostname="DESKTOP-4MOFA2O"><testcase classname="tests.api.test_api.TestBatchPipeline" name="test_should_failed_unkown_column_1" time="0.123" /><testcase classname="tests.api.test_api.TestBatchPipeline" name="test_should_failed_unkown_column_2" time="0.008" /><testcase classname="tests.api.test_api.TestBatchPipeline" name="test_should_failed_unkown_column_3" time="0.009" /><testcase classname="tests.api.test_api.TestBatchPipeline" name="test_should_get_predict" time="0.021" /></testsuite></testsuites>